package file

import "colors"

default: {
	color: colors.#Red
}
