package file

import "test.com/dimensions:alt"

altSize: alt.#AltDimensions & {
	w: 150
	h: 150
}
