package file

// We should not import the "time"
// package because the time object has been
// declared in the helper.cue file
a: time.now
